// Jest Snapshot v1, https://jestjs.io/docs/snapshot-testing

exports[`Footer.vue matches snapshot 1`] = `
"<footer class="bg-gray-900 dark:bg-black text-gray-400 dark:text-gray-500 p-6 text-center text-sm mt-auto">
  <!-- Footer content -->
  <div class="container mx-auto">
    <p>Â© 2025 Kingpin Casino. All rights reserved.</p>
    <p class="mt-1">Please gamble responsibly. For help, visit BeGambleAware.org.</p><!-- Optional: Links to Terms, Privacy Policy, etc. -->
    <nav class="mt-2 space-x-4"><a href="/terms" class="hover:text-gray-300">Terms</a><a href="/privacy" class="hover:text-gray-300">Privacy Policy</a><a href="/responsible-gaming" class="hover:text-gray-300">Responsible Gaming</a></nav>
  </div>
</footer>"
`;
